Release 14.7 Map P.20131013 (nt64)
Xilinx Map Application Log File for Design 'test'

Design Information
------------------
Command Line   : map -intstyle ise -p xc6slx9-tqg144-3 -w -logic_opt off -ol
high -t 1 -xt 0 -register_duplication off -r 4 -global_opt off -mt off -ir off
-pr off -lc off -power off -o test_map.ncd test.ngd test.pcf 
Target Device  : xc6slx9
Target Package : tqg144
Target Speed   : -3
Mapper Version : spartan6 -- $Revision: 1.55 $
Mapped Date    : Mon Nov 25 10:57:28 2019

Mapping design into LUTs...
ERROR:MapLib:979 - LUT2 symbol "XLXI_4/counter_0_rstpot" (output
   signal=XLXI_4/counter_0_rstpot) has input signal "XLXI_4/enable" which will
   be trimmed. See Section 5 of the Map Report File for details about why the
   input signal will become undriven.
ERROR:MapLib:979 - LUT5 symbol "XLXI_4/counter_1_rstpot" (output
   signal=XLXI_4/counter_1_rstpot) has input signal "XLXI_4/enable" which will
   be trimmed. See Section 5 of the Map Report File for details about why the
   input signal will become undriven.
ERROR:MapLib:979 - LUT5 symbol "XLXI_4/counter_2_rstpot1" (output
   signal=XLXI_4/counter_2_rstpot1) has input signal "XLXI_4/enable" which will
   be trimmed. See Section 5 of the Map Report File for details about why the
   input signal will become undriven.
ERROR:MapLib:979 - LUT5 symbol "XLXI_4/counter_3_rstpot1" (output
   signal=XLXI_4/counter_3_rstpot1) has input signal "XLXI_4/enable" which will
   be trimmed. See Section 5 of the Map Report File for details about why the
   input signal will become undriven.
ERROR:MapLib:979 - LUT4 symbol "XLXI_4/led_0_rstpot" (output
   signal=XLXI_4/led_0_rstpot) has input signal "XLXI_4/enable" which will be
   trimmed. See Section 5 of the Map Report File for details about why the input
   signal will become undriven.
ERROR:MapLib:979 - LUT6 symbol "XLXI_4/led_1_rstpot" (output
   signal=XLXI_4/led_1_rstpot) has input signal "XLXI_4/enable" which will be
   trimmed. See Section 5 of the Map Report File for details about why the input
   signal will become undriven.
ERROR:MapLib:979 - LUT6 symbol "XLXI_4/led_2_rstpot" (output
   signal=XLXI_4/led_2_rstpot) has input signal "XLXI_4/enable" which will be
   trimmed. See Section 5 of the Map Report File for details about why the input
   signal will become undriven.
ERROR:MapLib:979 - LUT5 symbol "XLXI_4/led_3_rstpot" (output
   signal=XLXI_4/led_3_rstpot) has input signal "XLXI_4/enable" which will be
   trimmed. See Section 5 of the Map Report File for details about why the input
   signal will become undriven.
ERROR:MapLib:979 - LUT6 symbol "XLXI_4/led_4_rstpot" (output
   signal=XLXI_4/led_4_rstpot) has input signal "XLXI_4/enable" which will be
   trimmed. See Section 5 of the Map Report File for details about why the input
   signal will become undriven.
ERROR:MapLib:979 - LUT6 symbol "XLXI_4/led_5_rstpot" (output
   signal=XLXI_4/led_5_rstpot) has input signal "XLXI_4/enable" which will be
   trimmed. See Section 5 of the Map Report File for details about why the input
   signal will become undriven.
ERROR:MapLib:978 - LUT2 symbol "XLXI_4/counter_0_rstpot" (output
   signal=XLXI_4/counter_0_rstpot) has an equation that uses input pin I0, which
   no longer has a connected signal. Please ensure that all the pins used in the
   equation for this LUT have signals that are not trimmed (see Section 5 of the
   Map Report File for details on which signals were trimmed).
ERROR:MapLib:978 - LUT5 symbol "XLXI_4/counter_1_rstpot" (output
   signal=XLXI_4/counter_1_rstpot) has an equation that uses input pin I0, which
   no longer has a connected signal. Please ensure that all the pins used in the
   equation for this LUT have signals that are not trimmed (see Section 5 of the
   Map Report File for details on which signals were trimmed).
ERROR:MapLib:978 - LUT5 symbol "XLXI_4/counter_2_rstpot1" (output
   signal=XLXI_4/counter_2_rstpot1) has an equation that uses input pin I0,
   which no longer has a connected signal. Please ensure that all the pins used
   in the equation for this LUT have signals that are not trimmed (see Section 5
   of the Map Report File for details on which signals were trimmed).
ERROR:MapLib:978 - LUT5 symbol "XLXI_4/counter_3_rstpot1" (output
   signal=XLXI_4/counter_3_rstpot1) has an equation that uses input pin I0,
   which no longer has a connected signal. Please ensure that all the pins used
   in the equation for this LUT have signals that are not trimmed (see Section 5
   of the Map Report File for details on which signals were trimmed).
ERROR:MapLib:978 - LUT4 symbol "XLXI_4/led_0_rstpot" (output
   signal=XLXI_4/led_0_rstpot) has an equation that uses input pin I0, which no
   longer has a connected signal. Please ensure that all the pins used in the
   equation for this LUT have signals that are not trimmed (see Section 5 of the
   Map Report File for details on which signals were trimmed).
ERROR:MapLib:978 - LUT6 symbol "XLXI_4/led_1_rstpot" (output
   signal=XLXI_4/led_1_rstpot) has an equation that uses input pin I0, which no
   longer has a connected signal. Please ensure that all the pins used in the
   equation for this LUT have signals that are not trimmed (see Section 5 of the
   Map Report File for details on which signals were trimmed).
ERROR:MapLib:978 - LUT6 symbol "XLXI_4/led_2_rstpot" (output
   signal=XLXI_4/led_2_rstpot) has an equation that uses input pin I0, which no
   longer has a connected signal. Please ensure that all the pins used in the
   equation for this LUT have signals that are not trimmed (see Section 5 of the
   Map Report File for details on which signals were trimmed).
ERROR:MapLib:978 - LUT5 symbol "XLXI_4/led_3_rstpot" (output
   signal=XLXI_4/led_3_rstpot) has an equation that uses input pin I0, which no
   longer has a connected signal. Please ensure that all the pins used in the
   equation for this LUT have signals that are not trimmed (see Section 5 of the
   Map Report File for details on which signals were trimmed).
ERROR:MapLib:978 - LUT6 symbol "XLXI_4/led_4_rstpot" (output
   signal=XLXI_4/led_4_rstpot) has an equation that uses input pin I0, which no
   longer has a connected signal. Please ensure that all the pins used in the
   equation for this LUT have signals that are not trimmed (see Section 5 of the
   Map Report File for details on which signals were trimmed).
ERROR:MapLib:978 - LUT6 symbol "XLXI_4/led_5_rstpot" (output
   signal=XLXI_4/led_5_rstpot) has an equation that uses input pin I0, which no
   longer has a connected signal. Please ensure that all the pins used in the
   equation for this LUT have signals that are not trimmed (see Section 5 of the
   Map Report File for details on which signals were trimmed).

Error found in mapping process, exiting...
Errors found during the mapping phase.  Please see map report file for more
details.  Output files will not be written.

Design Summary
--------------
Number of errors   :  20
Number of warnings :   0
