--------------------------------------------------------------------------------
Release 14.7 Trace  (nt64)
Copyright (c) 1995-2013 Xilinx, Inc.  All rights reserved.

C:\Xilinx\14.7\ISE_DS\ISE\bin\nt64\unwrapped\trce.exe -intstyle ise -v 3 -s 3
-n 3 -fastpaths -xml schematic.twx schematic.ncd -o schematic.twr schematic.pcf

Design file:              schematic.ncd
Physical constraint file: schematic.pcf
Device,package,speed:     xc6slx9,tqg144,C,-3 (PRODUCTION 1.23 2013-10-13)
Report level:             verbose report

Environment Variable      Effect 
--------------------      ------ 
NONE                      No environment variables were set
--------------------------------------------------------------------------------

INFO:Timing:2698 - No timing constraints found, doing default enumeration.
INFO:Timing:3412 - To improve timing, see the Timing Closure User Guide (UG612).
INFO:Timing:2752 - To get complete path coverage, use the unconstrained paths 
   option. All paths that are not constrained will be reported in the 
   unconstrained paths section(s) of the report.
INFO:Timing:3339 - The clock-to-out numbers in this timing report are based on 
   a 50 Ohm transmission line loading model.  For the details of this model, 
   and for more information on accounting for different loading conditions, 
   please see the device datasheet.



Data Sheet report:
-----------------
All values displayed in nanoseconds (ns)

Setup/Hold to clock CLOCK
------------+------------+------------+------------+------------+------------------+--------+
            |Max Setup to|  Process   |Max Hold to |  Process   |                  | Clock  |
Source      | clk (edge) |   Corner   | clk (edge) |   Corner   |Internal Clock(s) | Phase  |
------------+------------+------------+------------+------------+------------------+--------+
CLEAR       |    0.710(R)|      SLOW  |    0.266(R)|      SLOW  |CLOCK_BUFGP       |   0.000|
------------+------------+------------+------------+------------+------------------+--------+

Clock CLOCK to Pad
------------+-----------------+------------+-----------------+------------+------------------+--------+
            |Max (slowest) clk|  Process   |Min (fastest) clk|  Process   |                  | Clock  |
Destination |  (edge) to PAD  |   Corner   |  (edge) to PAD  |   Corner   |Internal Clock(s) | Phase  |
------------+-----------------+------------+-----------------+------------+------------------+--------+
XLXN_207    |         8.961(R)|      SLOW  |         3.825(R)|      FAST  |CLOCK_BUFGP       |   0.000|
XLXN_208    |         8.687(R)|      SLOW  |         4.430(R)|      FAST  |CLOCK_BUFGP       |   0.000|
XLXN_209    |         8.354(R)|      SLOW  |         4.153(R)|      FAST  |CLOCK_BUFGP       |   0.000|
XLXN_210    |         7.724(R)|      SLOW  |         3.861(R)|      FAST  |CLOCK_BUFGP       |   0.000|
XLXN_211    |         8.661(R)|      SLOW  |         4.400(R)|      FAST  |CLOCK_BUFGP       |   0.000|
XLXN_212    |         9.113(R)|      SLOW  |         4.584(R)|      FAST  |CLOCK_BUFGP       |   0.000|
XLXN_213    |         9.104(R)|      SLOW  |         4.446(R)|      FAST  |CLOCK_BUFGP       |   0.000|
b           |         7.248(R)|      SLOW  |         3.881(R)|      FAST  |CLOCK_BUFGP       |   0.000|
c           |         7.224(R)|      SLOW  |         3.827(R)|      FAST  |CLOCK_BUFGP       |   0.000|
d           |         7.200(R)|      SLOW  |         3.797(R)|      FAST  |CLOCK_BUFGP       |   0.000|
------------+-----------------+------------+-----------------+------------+------------------+--------+

Clock to Setup on destination clock CLOCK
---------------+---------+---------+---------+---------+
               | Src:Rise| Src:Fall| Src:Rise| Src:Fall|
Source Clock   |Dest:Rise|Dest:Rise|Dest:Fall|Dest:Fall|
---------------+---------+---------+---------+---------+
CLOCK          |    1.317|         |         |         |
---------------+---------+---------+---------+---------+


Analysis completed Mon Oct 07 12:35:31 2019 
--------------------------------------------------------------------------------

Trace Settings:
-------------------------
Trace Settings 

Peak Memory Usage: 4572 MB



