#-----------------------------------------------------------
# PlanAhead v14.7 (64-bit)
# Build 321239 by xbuild on Fri Sep 27 19:29:51 MDT 2013
# Start of session at: Mon Oct 28 12:29:38 2019
# Process ID: 3336
# Log file: C:/digitalWorkspace/lab8/planAhead_run_2/planAhead.log
# Journal file: C:/digitalWorkspace/lab8/planAhead_run_2/planAhead.jou
#-----------------------------------------------------------
start_gui
source C:/digitalWorkspace/lab8/pa.fromHdl.tcl
update_compile_order -fileset sim_1
startgroup
set_property package_pin P43 [get_ports {common[1]}]
endgroup
startgroup
set_property package_pin P44 [get_ports {common[0]}]
endgroup
startgroup
set_property package_pin P99 [get_ports {dip[0]}]
endgroup
startgroup
set_property package_pin P100 [get_ports {dip[1]}]
endgroup
startgroup
set_property package_pin P101 [get_ports {dip[2]}]
endgroup
startgroup
set_property package_pin P102 [get_ports {dip[3]}]
endgroup
set_property package_pin "" [get_ports [list  {dip[5]}]]
startgroup
set_property package_pin P104 [get_ports {dip[4]}]
endgroup
startgroup
set_property package_pin P105 [get_ports {dip[5]}]
endgroup
startgroup
set_property package_pin P111 [get_ports {dip[6]}]
endgroup
startgroup
set_property package_pin P112 [get_ports {dip[7]}]
endgroup
startgroup
set_property package_pin P27 [get_ports {segment[6]}]
endgroup
startgroup
set_property package_pin P29 [get_ports {segment[5]}]
endgroup
startgroup
set_property package_pin P32 [get_ports {segment[4]}]
endgroup
startgroup
set_property package_pin P34 [get_ports {segment[3]}]
endgroup
startgroup
set_property package_pin P35 [get_ports {segment[2]}]
endgroup
startgroup
set_property package_pin P40 [get_ports {segment[1]}]
endgroup
startgroup
set_property package_pin P41 [get_ports {segment[0]}]
endgroup
startgroup
set_property package_pin P83 [get_ports beep]
endgroup
startgroup
set_property package_pin P123 [get_ports XLXN_8]
endgroup
startgroup
set_property package_pin P66 [get_ports {slide[0]}]
endgroup
startgroup
set_property package_pin P62 [get_ports {slide[1]}]
endgroup
startgroup
set_property package_pin P61 [get_ports {slide[2]}]
endgroup
startgroup
set_property package_pin P59 [get_ports {slide[3]}]
endgroup
startgroup
set_property package_pin P58 [get_ports {slide[4]}]
endgroup
startgroup
set_property package_pin P57 [get_ports {slide[5]}]
endgroup
startgroup
set_property package_pin P56 [get_ports {slide[6]}]
endgroup
startgroup
set_property package_pin P55 [get_ports {slide[7]}]
endgroup
save_constraints
